============================================
  MIMO Throughput Benchmark
============================================
JOB_ID      : 10814567
JOB_DIR     : /lustre/fs1/portfolios/coreai/projects/coreai_dlalgo_genai/users/ykarnati/public/Megatron-LM/.worktrees/encoder-offload-pr/benchmarks/mimo_throughput/campaigns/offload_3b32b_4n_memfix/slurm/10814567
NODES       : 4
GPUS        : 32
MASTER      : pool0-00241:29500
WORKTREE    : /lustre/fs1/portfolios/coreai/projects/coreai_dlalgo_genai/users/ykarnati/public/Megatron-LM/.worktrees/encoder-offload-pr
CONFIG      : benchmarks/mimo_throughput/configs/offload_test_3b32b_4n/offload_oom_memprofile.yaml
CONTAINER   : /lustre/fsw/portfolios/coreai/users/ykarnati/containers/mcore_ci_dev_main_20260323.sqsh
============================================
srun: error: pool0-00241: task 0: Exited with exit code 1
srun: Terminating StepId=10814567.0
srun: error: pool0-00255: task 17: Exited with exit code 1
srun: error: pool0-00241: tasks 2-3: Exited with exit code 1
srun: error: pool0-00255: tasks 16,19: Exited with exit code 1
srun: error: pool0-00241: task 1: Exited with exit code 1
srun: error: pool0-00255: task 18: Exited with exit code 1
srun: error: pool0-00255: tasks 20-23: Killed
srun: error: pool0-00242: tasks 8-15: Killed
srun: error: pool0-00241: tasks 4-7: Killed
srun: error: pool0-00256: tasks 24-31: Killed
srun: Force Terminated StepId=10814567.0
